Archive member included to satisfy reference by file (symbol)

c:/st/stm32cubeide_1.3.0/stm32cubeide/plugins/com.st.stm32cube.ide.mcu.externaltools.gnu-tools-for-stm32.7-2018-q2-update.win32_1.0.0.201904181610/tools/bin/../lib/gcc/arm-none-eabi/7.3.1/../../../../arm-none-eabi/lib/thumb/v7-m\libc_nano.a(lib_a-errno.o)
                              Core/Src/syscalls.o (__errno)
c:/st/stm32cubeide_1.3.0/stm32cubeide/plugins/com.st.stm32cube.ide.mcu.externaltools.gnu-tools-for-stm32.7-2018-q2-update.win32_1.0.0.201904181610/tools/bin/../lib/gcc/arm-none-eabi/7.3.1/../../../../arm-none-eabi/lib/thumb/v7-m\libc_nano.a(lib_a-exit.o)
                              c:/st/stm32cubeide_1.3.0/stm32cubeide/plugins/com.st.stm32cube.ide.mcu.externaltools.gnu-tools-for-stm32.7-2018-q2-update.win32_1.0.0.201904181610/tools/bin/../lib/gcc/arm-none-eabi/7.3.1/../../../../arm-none-eabi/lib/thumb/v7-m/crt0.o (exit)
c:/st/stm32cubeide_1.3.0/stm32cubeide/plugins/com.st.stm32cube.ide.mcu.externaltools.gnu-tools-for-stm32.7-2018-q2-update.win32_1.0.0.201904181610/tools/bin/../lib/gcc/arm-none-eabi/7.3.1/../../../../arm-none-eabi/lib/thumb/v7-m\libc_nano.a(lib_a-impure.o)
                              c:/st/stm32cubeide_1.3.0/stm32cubeide/plugins/com.st.stm32cube.ide.mcu.externaltools.gnu-tools-for-stm32.7-2018-q2-update.win32_1.0.0.201904181610/tools/bin/../lib/gcc/arm-none-eabi/7.3.1/../../../../arm-none-eabi/lib/thumb/v7-m\libc_nano.a(lib_a-exit.o) (_global_impure_ptr)
c:/st/stm32cubeide_1.3.0/stm32cubeide/plugins/com.st.stm32cube.ide.mcu.externaltools.gnu-tools-for-stm32.7-2018-q2-update.win32_1.0.0.201904181610/tools/bin/../lib/gcc/arm-none-eabi/7.3.1/../../../../arm-none-eabi/lib/thumb/v7-m\libc_nano.a(lib_a-init.o)
                              c:/st/stm32cubeide_1.3.0/stm32cubeide/plugins/com.st.stm32cube.ide.mcu.externaltools.gnu-tools-for-stm32.7-2018-q2-update.win32_1.0.0.201904181610/tools/bin/../lib/gcc/arm-none-eabi/7.3.1/../../../../arm-none-eabi/lib/thumb/v7-m/crt0.o (__libc_init_array)
c:/st/stm32cubeide_1.3.0/stm32cubeide/plugins/com.st.stm32cube.ide.mcu.externaltools.gnu-tools-for-stm32.7-2018-q2-update.win32_1.0.0.201904181610/tools/bin/../lib/gcc/arm-none-eabi/7.3.1/../../../../arm-none-eabi/lib/thumb/v7-m\libc_nano.a(lib_a-memset.o)
                              c:/st/stm32cubeide_1.3.0/stm32cubeide/plugins/com.st.stm32cube.ide.mcu.externaltools.gnu-tools-for-stm32.7-2018-q2-update.win32_1.0.0.201904181610/tools/bin/../lib/gcc/arm-none-eabi/7.3.1/../../../../arm-none-eabi/lib/thumb/v7-m/crt0.o (memset)
c:/st/stm32cubeide_1.3.0/stm32cubeide/plugins/com.st.stm32cube.ide.mcu.externaltools.gnu-tools-for-stm32.7-2018-q2-update.win32_1.0.0.201904181610/tools/bin/../lib/gcc/arm-none-eabi/7.3.1/thumb/v7-m\libgcc.a(_arm_addsubdf3.o)
                              Core/Src/main.o (__aeabi_ui2d)
c:/st/stm32cubeide_1.3.0/stm32cubeide/plugins/com.st.stm32cube.ide.mcu.externaltools.gnu-tools-for-stm32.7-2018-q2-update.win32_1.0.0.201904181610/tools/bin/../lib/gcc/arm-none-eabi/7.3.1/thumb/v7-m\libgcc.a(_arm_muldivdf3.o)
                              Core/Src/main.o (__aeabi_dmul)
c:/st/stm32cubeide_1.3.0/stm32cubeide/plugins/com.st.stm32cube.ide.mcu.externaltools.gnu-tools-for-stm32.7-2018-q2-update.win32_1.0.0.201904181610/tools/bin/../lib/gcc/arm-none-eabi/7.3.1/thumb/v7-m\libgcc.a(_arm_fixunsdfsi.o)
                              Core/Src/main.o (__aeabi_d2uiz)

Allocating common symbols
Common symbol       size              file

fre_clust           0x4               Core/Src/main.o
USERPath            0x4               FATFS/App/fatfs.o
fs                  0x230             Core/Src/main.o
totalSpace          0x4               Core/Src/main.o
bufferRxBuffer      0x64              Core/Src/main.o
uwTick              0x4               Drivers/STM32L1xx_HAL_Driver/Src/stm32l1xx_hal.o
pFlash              0x18              Drivers/STM32L1xx_HAL_Driver/Src/stm32l1xx_hal_flash.o
bufferRx            0x64              Core/Src/main.o
buffer              0x64              Core/Src/main.o
retUSER             0x1               FATFS/App/fatfs.o
freeSpace           0x4               Core/Src/main.o
Timer2              0x1               Core/Src/fatfs_sd.o
pfs                 0x4               Core/Src/main.o
hspi1               0x58              Core/Src/main.o
huart2              0x40              Core/Src/main.o
fres                0x1               Core/Src/main.o
Timer1              0x1               Core/Src/fatfs_sd.o
fil                 0x230             Core/Src/main.o
USERFile            0x230             FATFS/App/fatfs.o
USERFatFS           0x230             FATFS/App/fatfs.o

Discarded input sections

 .text          0x0000000000000000        0x0 c:/st/stm32cubeide_1.3.0/stm32cubeide/plugins/com.st.stm32cube.ide.mcu.externaltools.gnu-tools-for-stm32.7-2018-q2-update.win32_1.0.0.201904181610/tools/bin/../lib/gcc/arm-none-eabi/7.3.1/thumb/v7-m/crti.o
[...]
Memory Configuration

Name             Origin             Length             Attributes
RAM              0x0000000020000000 0x0000000000014000 xrw
FLASH            0x0000000008000000 0x0000000000080000 xr
*default*        0x0000000000000000 0xffffffffffffffff

Linker script and memory map

LOAD c:/st/stm32cubeide_1.3.0/stm32cubeide/plugins/com.st.stm32cube.ide.mcu.externaltools.gnu-tools-for-stm32.7-2018-q2-update.win32_1.0.0.201904181610/tools/bin/../lib/gcc/arm-none-eabi/7.3.1/thumb/v7-m/crti.o
LOAD c:/st/stm32cubeide_1.3.0/stm32cubeide/plugins/com.st.stm32cube.ide.mcu.externaltools.gnu-tools-for-stm32.7-2018-q2-update.win32_1.0.0.201904181610/tools/bin/../lib/gcc/arm-none-eabi/7.3.1/thumb/v7-m/crtbegin.o
LOAD c:/st/stm32cubeide_1.3.0/stm32cubeide/plugins/com.st.stm32cube.ide.mcu.externaltools.gnu-tools-for-stm32.7-2018-q2-update.win32_1.0.0.201904181610/tools/bin/../lib/gcc/arm-none-eabi/7.3.1/../../../../arm-none-eabi/lib/thumb/v7-m/crt0.o
LOAD Core/Src/fatfs_sd.o
LOAD Core/Src/main.o
LOAD Core/Src/stm32l1xx_hal_msp.o
LOAD Core/Src/stm32l1xx_it.o
LOAD Core/Src/syscalls.o
LOAD Core/Src/sysmem.o
LOAD Core/Src/system_stm32l1xx.o
LOAD Core/Startup/startup_stm32l152retx.o
LOAD Drivers/STM32L1xx_HAL_Driver/Src/stm32l1xx_hal.o
LOAD Drivers/STM32L1xx_HAL_Driver/Src/stm32l1xx_hal_cortex.o
LOAD Drivers/STM32L1xx_HAL_Driver/Src/stm32l1xx_hal_dma.o
LOAD Drivers/STM32L1xx_HAL_Driver/Src/stm32l1xx_hal_flash.o
LOAD Drivers/STM32L1xx_HAL_Driver/Src/stm32l1xx_hal_flash_ex.o
LOAD Drivers/STM32L1xx_HAL_Driver/Src/stm32l1xx_hal_flash_ramfunc.o
LOAD Drivers/STM32L1xx_HAL_Driver/Src/stm32l1xx_hal_gpio.o
LOAD Drivers/STM32L1xx_HAL_Driver/Src/stm32l1xx_hal_pwr.o
LOAD Drivers/STM32L1xx_HAL_Driver/Src/stm32l1xx_hal_pwr_ex.o
LOAD Drivers/STM32L1xx_HAL_Driver/Src/stm32l1xx_hal_rcc.o
LOAD Drivers/STM32L1xx_HAL_Driver/Src/stm32l1xx_hal_rcc_ex.o
LOAD Drivers/STM32L1xx_HAL_Driver/Src/stm32l1xx_hal_spi.o
LOAD Drivers/STM32L1xx_HAL_Driver/Src/stm32l1xx_hal_tim.o
LOAD Drivers/STM32L1xx_HAL_Driver/Src/stm32l1xx_hal_tim_ex.o
LOAD Drivers/STM32L1xx_HAL_Driver/Src/stm32l1xx_hal_uart.o
LOAD FATFS/App/fatfs.o
LOAD FATFS/Target/user_diskio.o
LOAD Middlewares/Third_Party/FatFs/src/diskio.o
LOAD Middlewares/Third_Party/FatFs/src/ff.o
LOAD Middlewares/Third_Party/FatFs/src/ff_gen_drv.o
LOAD Middlewares/Third_Party/FatFs/src/option/syscall.o
START GROUP
LOAD c:/st/stm32cubeide_1.3.0/stm32cubeide/plugins/com.st.stm32cube.ide.mcu.externaltools.gnu-tools-for-stm32.7-2018-q2-update.win32_1.0.0.201904181610/tools/bin/../lib/gcc/arm-none-eabi/7.3.1/../../../../arm-none-eabi/lib/thumb/v7-m\libc_nano.a
LOAD c:/st/stm32cubeide_1.3.0/stm32cubeide/plugins/com.st.stm32cube.ide.mcu.externaltools.gnu-tools-for-stm32.7-2018-q2-update.win32_1.0.0.201904181610/tools/bin/../lib/gcc/arm-none-eabi/7.3.1/../../../../arm-none-eabi/lib/thumb/v7-m\libm.a
END GROUP
START GROUP
LOAD c:/st/stm32cubeide_1.3.0/stm32cubeide/plugins/com.st.stm32cube.ide.mcu.externaltools.gnu-tools-for-stm32.7-2018-q2-update.win32_1.0.0.201904181610/tools/bin/../lib/gcc/arm-none-eabi/7.3.1/thumb/v7-m\libgcc.a
LOAD c:/st/stm32cubeide_1.3.0/stm32cubeide/plugins/com.st.stm32cube.ide.mcu.externaltools.gnu-tools-for-stm32.7-2018-q2-update.win32_1.0.0.201904181610/tools/bin/../lib/gcc/arm-none-eabi/7.3.1/../../../../arm-none-eabi/lib/thumb/v7-m\libc_nano.a
END GROUP
START GROUP
LOAD c:/st/stm32cubeide_1.3.0/stm32cubeide/plugins/com.st.stm32cube.ide.mcu.externaltools.gnu-tools-for-stm32.7-2018-q2-update.win32_1.0.0.201904181610/tools/bin/../lib/gcc/arm-none-eabi/7.3.1/thumb/v7-m\libgcc.a
LOAD c:/st/stm32cubeide_1.3.0/stm32cubeide/plugins/com.st.stm32cube.ide.mcu.externaltools.gnu-tools-for-stm32.7-2018-q2-update.win32_1.0.0.201904181610/tools/bin/../lib/gcc/arm-none-eabi/7.3.1/../../../../arm-none-eabi/lib/thumb/v7-m\libc_nano.a
LOAD c:/st/stm32cubeide_1.3.0/stm32cubeide/plugins/com.st.stm32cube.ide.mcu.externaltools.gnu-tools-for-stm32.7-2018-q2-update.win32_1.0.0.201904181610/tools/bin/../lib/gcc/arm-none-eabi/7.3.1/../../../../arm-none-eabi/lib/thumb/v7-m\libnosys.a
END GROUP
START GROUP
LOAD c:/st/stm32cubeide_1.3.0/stm32cubeide/plugins/com.st.stm32cube.ide.mcu.externaltools.gnu-tools-for-stm32.7-2018-q2-update.win32_1.0.0.201904181610/tools/bin/../lib/gcc/arm-none-eabi/7.3.1/thumb/v7-m\libgcc.a
LOAD c:/st/stm32cubeide_1.3.0/stm32cubeide/plugins/com.st.stm32cube.ide.mcu.externaltools.gnu-tools-for-stm32.7-2018-q2-update.win32_1.0.0.201904181610/tools/bin/../lib/gcc/arm-none-eabi/7.3.1/../../../../arm-none-eabi/lib/thumb/v7-m\libc_nano.a
LOAD c:/st/stm32cubeide_1.3.0/stm32cubeide/plugins/com.st.stm32cube.ide.mcu.externaltools.gnu-tools-for-stm32.7-2018-q2-update.win32_1.0.0.201904181610/tools/bin/../lib/gcc/arm-none-eabi/7.3.1/../../../../arm-none-eabi/lib/thumb/v7-m\libnosys.a
END GROUP
LOAD c:/st/stm32cubeide_1.3.0/stm32cubeide/plugins/com.st.stm32cube.ide.mcu.externaltools.gnu-tools-for-stm32.7-2018-q2-update.win32_1.0.0.201904181610/tools/bin/../lib/gcc/arm-none-eabi/7.3.1/thumb/v7-m/crtend.o
LOAD c:/st/stm32cubeide_1.3.0/stm32cubeide/plugins/com.st.stm32cube.ide.mcu.externaltools.gnu-tools-for-stm32.7-2018-q2-update.win32_1.0.0.201904181610/tools/bin/../lib/gcc/arm-none-eabi/7.3.1/thumb/v7-m/crtn.o
                0x0000000020014000                _estack = (ORIGIN (RAM) + LENGTH (RAM))
                0x0000000000000200                _Min_Heap_Size = 0x200
                0x0000000000000400                _Min_Stack_Size = 0x400

.isr_vector     0x0000000008000000      0x13c
                0x0000000008000000                . = ALIGN (0x4)
 *(.isr_vector)
 .isr_vector    0x0000000008000000      0x13c Core/Startup/startup_stm32l152retx.o
                0x0000000008000000                g_pfnVectors
                0x000000000800013c                . = ALIGN (0x4)

.text           0x000000000800013c     0x610c
                0x000000000800013c                . = ALIGN (0x4)
 *(.text)
 .text          0x000000000800013c       0x40 c:/st/stm32cubeide_1.3.0/stm32cubeide/plugins/com.st.stm32cube.ide.mcu.externaltools.gnu-tools-for-stm32.7-2018-q2-update.win32_1.0.0.201904181610/tools/bin/../lib/gcc/arm-none-eabi/7.3.1/thumb/v7-m/crtbegin.o
 .text          0x000000000800017c      0x378 c:/st/stm32cubeide_1.3.0/stm32cubeide/plugins/com.st.stm32cube.ide.mcu.externaltools.gnu-tools-for-stm32.7-2018-q2-update.win32_1.0.0.201904181610/tools/bin/../lib/gcc/arm-none-eabi/7.3.1/thumb/v7-m\libgcc.a(_arm_addsubdf3.o)
                0x000000000800017c                __aeabi_drsub
                0x0000000008000184                __aeabi_dsub
                0x0000000008000184                __subdf3
                0x0000000008000188                __aeabi_dadd
                0x0000000008000188                __adddf3
                0x0000000008000400                __floatunsidf
                0x0000000008000400                __aeabi_ui2d
                0x0000000008000420                __floatsidf
                0x0000000008000420                __aeabi_i2d
                0x0000000008000444                __aeabi_f2d
                0x0000000008000444                __extendsfdf2
                0x0000000008000488                __floatundidf
                0x0000000008000488                __aeabi_ul2d
                0x0000000008000498                __floatdidf
                0x0000000008000498                __aeabi_l2d
 .text          0x00000000080004f4      0x424 c:/st/stm32cubeide_1.3.0/stm32cubeide/plugins/com.st.stm32cube.ide.mcu.externaltools.gnu-tools-for-stm32.7-2018-q2-update.win32_1.0.0.201904181610/tools/bin/../lib/gcc/arm-none-eabi/7.3.1/thumb/v7-m\libgcc.a(_arm_muldivdf3.o)
                0x00000000080004f4                __aeabi_dmul
                0x00000000080004f4                __muldf3
                0x0000000008000748                __divdf3
                0x0000000008000748                __aeabi_ddiv
 .text          0x0000000008000918       0x40 c:/st/stm32cubeide_1.3.0/stm32cubeide/plugins/com.st.stm32cube.ide.mcu.externaltools.gnu-tools-for-stm32.7-2018-q2-update.win32_1.0.0.201904181610/tools/bin/../lib/gcc/arm-none-eabi/7.3.1/thumb/v7-m\libgcc.a(_arm_fixunsdfsi.o)
                0x0000000008000918                __aeabi_d2uiz
                0x0000000008000918                __fixunsdfsi
 *(.text*)
 .text.SELECT   0x0000000008000958       0x18 Core/Src/fatfs_sd.o
 .text.DESELECT
                0x0000000008000970       0x18 Core/Src/fatfs_sd.o
 .text.SPI_TxByte
                0x0000000008000988       0x30 Core/Src/fatfs_sd.o
 .text.SPI_RxByte
                0x00000000080009b8       0x3c Core/Src/fatfs_sd.o
 .text.SPI_RxBytePtr
                0x00000000080009f4       0x1c Core/Src/fatfs_sd.o
 .text.SD_ReadyWait
                0x0000000008000a10       0x38 Core/Src/fatfs_sd.o
 .text.SD_PowerOn
                0x0000000008000a48       0x98 Core/Src/fatfs_sd.o
 .text.SD_PowerOff
                0x0000000008000ae0       0x18 Core/Src/fatfs_sd.o
 .text.SD_CheckPower
                0x0000000008000af8       0x14 Core/Src/fatfs_sd.o
 .text.SD_RxDataBlock
                0x0000000008000b0c       0x6c Core/Src/fatfs_sd.o
 .text.SD_TxDataBlock
                0x0000000008000b78       0xa8 Core/Src/fatfs_sd.o
 .text.SD_SendCmd
                0x0000000008000c20       0xa4 Core/Src/fatfs_sd.o
 .text.SD_disk_initialize
                0x0000000008000cc4      0x1d4 Core/Src/fatfs_sd.o
                0x0000000008000cc4                SD_disk_initialize
 .text.SD_disk_status
                0x0000000008000e98       0x28 Core/Src/fatfs_sd.o
                0x0000000008000e98                SD_disk_status
 .text.SD_disk_read
                0x0000000008000ec0       0xd4 Core/Src/fatfs_sd.o
                0x0000000008000ec0                SD_disk_read
 .text.SD_disk_write
                0x0000000008000f94      0x108 Core/Src/fatfs_sd.o
                0x0000000008000f94                SD_disk_write
 .text.SD_disk_ioctl
                0x000000000800109c      0x25c Core/Src/fatfs_sd.o
                0x000000000800109c                SD_disk_ioctl
 .text.main     0x00000000080012f8      0x23c Core/Src/main.o
                0x00000000080012f8                main
 .text.SystemClock_Config
                0x0000000008001534       0x98 Core/Src/main.o
                0x0000000008001534                SystemClock_Config
 .text.MX_SPI1_Init
                0x00000000080015cc       0x6c Core/Src/main.o
 .text.MX_USART2_UART_Init
                0x0000000008001638       0x54 Core/Src/main.o
 .text.MX_GPIO_Init
                0x000000000800168c       0x94 Core/Src/main.o
 .text.Error_Handler
                0x0000000008001720        0xc Core/Src/main.o
                0x0000000008001720                Error_Handler
 .text.HAL_MspInit
                0x000000000800172c       0x5c Core/Src/stm32l1xx_hal_msp.o
                0x000000000800172c                HAL_MspInit
 .text.HAL_SPI_MspInit
                0x0000000008001788       0x88 Core/Src/stm32l1xx_hal_msp.o
                0x0000000008001788                HAL_SPI_MspInit
 .text.HAL_UART_MspInit
                0x0000000008001810       0x88 Core/Src/stm32l1xx_hal_msp.o
                0x0000000008001810                HAL_UART_MspInit
 .text.SDTimer_Handler
                0x0000000008001898       0x44 Core/Src/stm32l1xx_it.o
                0x0000000008001898                SDTimer_Handler
 .text.NMI_Handler
                0x00000000080018dc        0xc Core/Src/stm32l1xx_it.o
                0x00000000080018dc                NMI_Handler
 .text.HardFault_Handler
                0x00000000080018e8        0x6 Core/Src/stm32l1xx_it.o
                0x00000000080018e8                HardFault_Handler
 .text.MemManage_Handler
                0x00000000080018ee        0x6 Core/Src/stm32l1xx_it.o
                0x00000000080018ee                MemManage_Handler
 .text.BusFault_Handler
                0x00000000080018f4        0x6 Core/Src/stm32l1xx_it.o
                0x00000000080018f4                BusFault_Handler
 .text.UsageFault_Handler
                0x00000000080018fa        0x6 Core/Src/stm32l1xx_it.o
                0x00000000080018fa                UsageFault_Handler
 .text.SVC_Handler
                0x0000000008001900        0xc Core/Src/stm32l1xx_it.o
                0x0000000008001900                SVC_Handler
 .text.DebugMon_Handler
                0x000000000800190c        0xc Core/Src/stm32l1xx_it.o
                0x000000000800190c                DebugMon_Handler
 .text.PendSV_Handler
                0x0000000008001918        0xc Core/Src/stm32l1xx_it.o
                0x0000000008001918                PendSV_Handler
 .text.SysTick_Handler
                0x0000000008001924       0x34 Core/Src/stm32l1xx_it.o
                0x0000000008001924                SysTick_Handler
 .text.SystemInit
                0x0000000008001958       0x68 Core/Src/system_stm32l1xx.o
                0x0000000008001958                SystemInit
 .text.Reset_Handler
                0x00000000080019c0       0x48 Core/Startup/startup_stm32l152retx.o
                0x00000000080019c0                Reset_Handler
 .text.Default_Handler
                0x0000000008001a08        0x2 Core/Startup/startup_stm32l152retx.o
                0x0000000008001a08                RTC_Alarm_IRQHandler
                0x0000000008001a08                EXTI2_IRQHandler
                0x0000000008001a08                COMP_ACQ_IRQHandler
                0x0000000008001a08                TIM10_IRQHandler
                0x0000000008001a08                USB_HP_IRQHandler
                0x0000000008001a08                TIM6_IRQHandler
                0x0000000008001a08                PVD_IRQHandler
                0x0000000008001a08                EXTI3_IRQHandler
                0x0000000008001a08                EXTI0_IRQHandler
                0x0000000008001a08                I2C2_EV_IRQHandler
                0x0000000008001a08                SPI1_IRQHandler
                0x0000000008001a08                USB_FS_WKUP_IRQHandler
                0x0000000008001a08                DMA2_Channel2_IRQHandler
                0x0000000008001a08                DMA1_Channel4_IRQHandler
                0x0000000008001a08                ADC1_IRQHandler
                0x0000000008001a08                USART3_IRQHandler
                0x0000000008001a08                DMA1_Channel7_IRQHandler
                0x0000000008001a08                LCD_IRQHandler
                0x0000000008001a08                UART5_IRQHandler
                0x0000000008001a08                TIM4_IRQHandler
                0x0000000008001a08                DMA2_Channel1_IRQHandler
                0x0000000008001a08                I2C1_EV_IRQHandler
                0x0000000008001a08                DMA1_Channel6_IRQHandler
                0x0000000008001a08                UART4_IRQHandler
                0x0000000008001a08                DMA2_Channel4_IRQHandler
                0x0000000008001a08                TIM3_IRQHandler
                0x0000000008001a08                RCC_IRQHandler
                0x0000000008001a08                DMA1_Channel1_IRQHandler
                0x0000000008001a08                Default_Handler
                0x0000000008001a08                EXTI15_10_IRQHandler
                0x0000000008001a08                TIM7_IRQHandler
                0x0000000008001a08                TIM5_IRQHandler
                0x0000000008001a08                EXTI9_5_IRQHandler
                0x0000000008001a08                TIM9_IRQHandler
                0x0000000008001a08                TAMPER_STAMP_IRQHandler
                0x0000000008001a08                RTC_WKUP_IRQHandler
                0x0000000008001a08                SPI2_IRQHandler
                0x0000000008001a08                DMA2_Channel5_IRQHandler
                0x0000000008001a08                DMA1_Channel5_IRQHandler
                0x0000000008001a08                USB_LP_IRQHandler
                0x0000000008001a08                EXTI4_IRQHandler
                0x0000000008001a08                DMA1_Channel3_IRQHandler
                0x0000000008001a08                COMP_IRQHandler
                0x0000000008001a08                WWDG_IRQHandler
                0x0000000008001a08                TIM2_IRQHandler
                0x0000000008001a08                DAC_IRQHandler
                0x0000000008001a08                EXTI1_IRQHandler
                0x0000000008001a08                TIM11_IRQHandler
                0x0000000008001a08                USART2_IRQHandler
                0x0000000008001a08                I2C2_ER_IRQHandler
                0x0000000008001a08                DMA1_Channel2_IRQHandler
                0x0000000008001a08                FLASH_IRQHandler
                0x0000000008001a08                USART1_IRQHandler
                0x0000000008001a08                SPI3_IRQHandler
                0x0000000008001a08                I2C1_ER_IRQHandler
                0x0000000008001a08                DMA2_Channel3_IRQHandler
 .text.HAL_Init
                0x0000000008001a0a       0x30 Drivers/STM32L1xx_HAL_Driver/Src/stm32l1xx_hal.o
                0x0000000008001a0a                HAL_Init
 *fill*         0x0000000008001a3a        0x2 
 .text.HAL_InitTick
                0x0000000008001a3c       0x74 Drivers/STM32L1xx_HAL_Driver/Src/stm32l1xx_hal.o
                0x0000000008001a3c                HAL_InitTick
 .text.HAL_IncTick
                0x0000000008001ab0       0x24 Drivers/STM32L1xx_HAL_Driver/Src/stm32l1xx_hal.o
                0x0000000008001ab0                HAL_IncTick
 .text.HAL_GetTick
                0x0000000008001ad4       0x14 Drivers/STM32L1xx_HAL_Driver/Src/stm32l1xx_hal.o
                0x0000000008001ad4                HAL_GetTick
 .text.HAL_Delay
                0x0000000008001ae8       0x44 Drivers/STM32L1xx_HAL_Driver/Src/stm32l1xx_hal.o
                0x0000000008001ae8                HAL_Delay
 .text.__NVIC_SetPriorityGrouping
                0x0000000008001b2c       0x48 Drivers/STM32L1xx_HAL_Driver/Src/stm32l1xx_hal_cortex.o
 .text.__NVIC_GetPriorityGrouping
                0x0000000008001b74       0x1c Drivers/STM32L1xx_HAL_Driver/Src/stm32l1xx_hal_cortex.o
 .text.__NVIC_SetPriority
                0x0000000008001b90       0x54 Drivers/STM32L1xx_HAL_Driver/Src/stm32l1xx_hal_cortex.o
 .text.NVIC_EncodePriority
                0x0000000008001be4       0x64 Drivers/STM32L1xx_HAL_Driver/Src/stm32l1xx_hal_cortex.o
 .text.SysTick_Config
                0x0000000008001c48       0x44 Drivers/STM32L1xx_HAL_Driver/Src/stm32l1xx_hal_cortex.o
 .text.HAL_NVIC_SetPriorityGrouping
                0x0000000008001c8c       0x16 Drivers/STM32L1xx_HAL_Driver/Src/stm32l1xx_hal_cortex.o
                0x0000000008001c8c                HAL_NVIC_SetPriorityGrouping
 .text.HAL_NVIC_SetPriority
                0x0000000008001ca2       0x38 Drivers/STM32L1xx_HAL_Driver/Src/stm32l1xx_hal_cortex.o
                0x0000000008001ca2                HAL_NVIC_SetPriority
 .text.HAL_SYSTICK_Config
                0x0000000008001cda       0x18 Drivers/STM32L1xx_HAL_Driver/Src/stm32l1xx_hal_cortex.o
                0x0000000008001cda                HAL_SYSTICK_Config
 *fill*         0x0000000008001cf2        0x2 
 .text.HAL_GPIO_Init
                0x0000000008001cf4      0x31c Drivers/STM32L1xx_HAL_Driver/Src/stm32l1xx_hal_gpio.o
                0x0000000008001cf4                HAL_GPIO_Init
 .text.HAL_GPIO_WritePin
                0x0000000008002010       0x30 Drivers/STM32L1xx_HAL_Driver/Src/stm32l1xx_hal_gpio.o
                0x0000000008002010                HAL_GPIO_WritePin
 .text.HAL_RCC_OscConfig
                0x0000000008002040      0x660 Drivers/STM32L1xx_HAL_Driver/Src/stm32l1xx_hal_rcc.o
                0x0000000008002040                HAL_RCC_OscConfig
 .text.HAL_RCC_ClockConfig
                0x00000000080026a0      0x268 Drivers/STM32L1xx_HAL_Driver/Src/stm32l1xx_hal_rcc.o
                0x00000000080026a0                HAL_RCC_ClockConfig
 .text.HAL_RCC_GetSysClockFreq
                0x0000000008002908       0xb0 Drivers/STM32L1xx_HAL_Driver/Src/stm32l1xx_hal_rcc.o
                0x0000000008002908                HAL_RCC_GetSysClockFreq
 .text.HAL_RCC_GetHCLKFreq
                0x00000000080029b8       0x14 Drivers/STM32L1xx_HAL_Driver/Src/stm32l1xx_hal_rcc.o
                0x00000000080029b8                HAL_RCC_GetHCLKFreq
 .text.HAL_RCC_GetPCLK1Freq
                0x00000000080029cc       0x28 Drivers/STM32L1xx_HAL_Driver/Src/stm32l1xx_hal_rcc.o
                0x00000000080029cc                HAL_RCC_GetPCLK1Freq
 .text.HAL_RCC_GetPCLK2Freq
                0x00000000080029f4       0x28 Drivers/STM32L1xx_HAL_Driver/Src/stm32l1xx_hal_rcc.o
                0x00000000080029f4                HAL_RCC_GetPCLK2Freq
 .text.RCC_SetFlashLatencyFromMSIRange
                0x0000000008002a1c       0xc0 Drivers/STM32L1xx_HAL_Driver/Src/stm32l1xx_hal_rcc.o
 .text.HAL_SPI_Init
                0x0000000008002adc       0xc8 Drivers/STM32L1xx_HAL_Driver/Src/stm32l1xx_hal_spi.o
                0x0000000008002adc                HAL_SPI_Init
 .text.HAL_SPI_Transmit
                0x0000000008002ba4      0x268 Drivers/STM32L1xx_HAL_Driver/Src/stm32l1xx_hal_spi.o
                0x0000000008002ba4                HAL_SPI_Transmit
 .text.HAL_SPI_TransmitReceive
                0x0000000008002e0c      0x344 Drivers/STM32L1xx_HAL_Driver/Src/stm32l1xx_hal_spi.o
                0x0000000008002e0c                HAL_SPI_TransmitReceive
 .text.HAL_SPI_GetState
                0x0000000008003150       0x1a Drivers/STM32L1xx_HAL_Driver/Src/stm32l1xx_hal_spi.o
                0x0000000008003150                HAL_SPI_GetState
 .text.SPI_WaitFlagStateUntilTimeout
                0x000000000800316a       0xd4 Drivers/STM32L1xx_HAL_Driver/Src/stm32l1xx_hal_spi.o
 .text.SPI_EndRxTxTransaction
                0x000000000800323e       0x78 Drivers/STM32L1xx_HAL_Driver/Src/stm32l1xx_hal_spi.o
 .text.HAL_UART_Init
                0x00000000080032b6       0x9a Drivers/STM32L1xx_HAL_Driver/Src/stm32l1xx_hal_uart.o
                0x00000000080032b6                HAL_UART_Init
 .text.HAL_UART_Transmit
                0x0000000008003350      0x132 Drivers/STM32L1xx_HAL_Driver/Src/stm32l1xx_hal_uart.o
                0x0000000008003350                HAL_UART_Transmit
 .text.UART_WaitOnFlagUntilTimeout
                0x0000000008003482       0x94 Drivers/STM32L1xx_HAL_Driver/Src/stm32l1xx_hal_uart.o
 *fill*         0x0000000008003516        0x2 
 .text.UART_SetConfig
                0x0000000008003518      0x310 Drivers/STM32L1xx_HAL_Driver/Src/stm32l1xx_hal_uart.o
 .text.MX_FATFS_Init
                0x0000000008003828       0x24 FATFS/App/fatfs.o
                0x0000000008003828                MX_FATFS_Init
 .text.get_fattime
                0x000000000800384c        0xe FATFS/App/fatfs.o
                0x000000000800384c                get_fattime
 .text.USER_initialize
                0x000000000800385a       0x1c FATFS/Target/user_diskio.o
                0x000000000800385a                USER_initialize
 .text.USER_status
                0x0000000008003876       0x1c FATFS/Target/user_diskio.o
                0x0000000008003876                USER_status
 .text.USER_read
                0x0000000008003892       0x26 FATFS/Target/user_diskio.o
                0x0000000008003892                USER_read
 .text.USER_write
                0x00000000080038b8       0x26 FATFS/Target/user_diskio.o
                0x00000000080038b8                USER_write
 .text.USER_ioctl
                0x00000000080038de       0x26 FATFS/Target/user_diskio.o
                0x00000000080038de                USER_ioctl
 .text.disk_status
                0x0000000008003904       0x34 Middlewares/Third_Party/FatFs/src/diskio.o
                0x0000000008003904                disk_status
 .text.disk_initialize
                0x0000000008003938       0x4c Middlewares/Third_Party/FatFs/src/diskio.o
                0x0000000008003938                disk_initialize
 .text.disk_read
                0x0000000008003984       0x40 Middlewares/Third_Party/FatFs/src/diskio.o
                0x0000000008003984                disk_read
 .text.disk_write
                0x00000000080039c4       0x40 Middlewares/Third_Party/FatFs/src/diskio.o
                0x00000000080039c4                disk_write
 .text.disk_ioctl
                0x0000000008003a04       0x3c Middlewares/Third_Party/FatFs/src/diskio.o
                0x0000000008003a04                disk_ioctl
 .text.ld_word  0x0000000008003a40       0x2e Middlewares/Third_Party/FatFs/src/ff.o
 .text.ld_dword
                0x0000000008003a6e       0x44 Middlewares/Third_Party/FatFs/src/ff.o
 .text.st_word  0x0000000008003ab2       0x34 Middlewares/Third_Party/FatFs/src/ff.o
 .text.st_dword
                0x0000000008003ae6       0x56 Middlewares/Third_Party/FatFs/src/ff.o
 .text.mem_cpy  0x0000000008003b3c       0x40 Middlewares/Third_Party/FatFs/src/ff.o
 .text.mem_set  0x0000000008003b7c       0x32 Middlewares/Third_Party/FatFs/src/ff.o
 .text.mem_cmp  0x0000000008003bae       0x4c Middlewares/Third_Party/FatFs/src/ff.o
 .text.chk_chr  0x0000000008003bfa       0x34 Middlewares/Third_Party/FatFs/src/ff.o
 *fill*         0x0000000008003c2e        0x2 
 .text.chk_lock
                0x0000000008003c30       0xb4 Middlewares/Third_Party/FatFs/src/ff.o
 .text.enq_lock
                0x0000000008003ce4       0x40 Middlewares/Third_Party/FatFs/src/ff.o
 .text.inc_lock
                0x0000000008003d24      0x11c Middlewares/Third_Party/FatFs/src/ff.o
 .text.dec_lock
                0x0000000008003e40       0x74 Middlewares/Third_Party/FatFs/src/ff.o
 .text.clear_lock
                0x0000000008003eb4       0x44 Middlewares/Third_Party/FatFs/src/ff.o
 .text.sync_window
                0x0000000008003ef8       0x88 Middlewares/Third_Party/FatFs/src/ff.o
 .text.move_window
                0x0000000008003f80       0x5a Middlewares/Third_Party/FatFs/src/ff.o
 *fill*         0x0000000008003fda        0x2 
 .text.sync_fs  0x0000000008003fdc       0xdc Middlewares/Third_Party/FatFs/src/ff.o
 .text.clust2sect
                0x00000000080040b8       0x3c Middlewares/Third_Party/FatFs/src/ff.o
 .text.get_fat  0x00000000080040f4      0x14a Middlewares/Third_Party/FatFs/src/ff.o
 .text.put_fat  0x000000000800423e      0x1ce Middlewares/Third_Party/FatFs/src/ff.o
 .text.remove_chain
                0x000000000800440c       0xca Middlewares/Third_Party/FatFs/src/ff.o
 .text.create_chain
                0x00000000080044d6      0x130 Middlewares/Third_Party/FatFs/src/ff.o
 .text.clmt_clust
                0x0000000008004606       0x66 Middlewares/Third_Party/FatFs/src/ff.o
 .text.dir_sdi  0x000000000800466c       0xf6 Middlewares/Third_Party/FatFs/src/ff.o
 .text.dir_next
                0x0000000008004762      0x18a Middlewares/Third_Party/FatFs/src/ff.o
 .text.dir_alloc
                0x00000000080048ec       0x8e Middlewares/Third_Party/FatFs/src/ff.o
 .text.ld_clust
                0x000000000800497a       0x3e Middlewares/Third_Party/FatFs/src/ff.o
 .text.st_clust
                0x00000000080049b8       0x40 Middlewares/Third_Party/FatFs/src/ff.o
 .text.dir_find
                0x00000000080049f8       0xaa Middlewares/Third_Party/FatFs/src/ff.o
 .text.dir_register
                0x0000000008004aa2       0x64 Middlewares/Third_Party/FatFs/src/ff.o
 *fill*         0x0000000008004b06        0x2 
 .text.create_name
                0x0000000008004b08      0x128 Middlewares/Third_Party/FatFs/src/ff.o
 .text.follow_path
                0x0000000008004c30       0xe2 Middlewares/Third_Party/FatFs/src/ff.o
 .text.get_ldnumber
                0x0000000008004d12       0x86 Middlewares/Third_Party/FatFs/src/ff.o
 .text.check_fs
                0x0000000008004d98       0xac Middlewares/Third_Party/FatFs/src/ff.o
 .text.find_volume
                0x0000000008004e44      0x498 Middlewares/Third_Party/FatFs/src/ff.o
 .text.validate
                0x00000000080052dc       0x6a Middlewares/Third_Party/FatFs/src/ff.o
 *fill*         0x0000000008005346        0x2 
 .text.f_mount  0x0000000008005348       0x8c Middlewares/Third_Party/FatFs/src/ff.o
                0x0000000008005348                f_mount
 .text.f_open   0x00000000080053d4      0x37c Middlewares/Third_Party/FatFs/src/ff.o
                0x00000000080053d4                f_open
 .text.f_read   0x0000000008005750      0x27e Middlewares/Third_Party/FatFs/src/ff.o
                0x0000000008005750                f_read
 .text.f_write  0x00000000080059ce      0x2ea Middlewares/Third_Party/FatFs/src/ff.o
                0x00000000080059ce                f_write
 .text.f_sync   0x0000000008005cb8       0xfc Middlewares/Third_Party/FatFs/src/ff.o
                0x0000000008005cb8                f_sync
 .text.f_close  0x0000000008005db4       0x54 Middlewares/Third_Party/FatFs/src/ff.o
                0x0000000008005db4                f_close
 .text.f_getfree
                0x0000000008005e08      0x16a Middlewares/Third_Party/FatFs/src/ff.o
                0x0000000008005e08                f_getfree
 .text.f_gets   0x0000000008005f72       0x7a Middlewares/Third_Party/FatFs/src/ff.o
                0x0000000008005f72                f_gets
 .text.putc_bfd
                0x0000000008005fec       0x7a Middlewares/Third_Party/FatFs/src/ff.o
 .text.putc_flush
                0x0000000008006066       0x4c Middlewares/Third_Party/FatFs/src/ff.o
 .text.putc_init
                0x00000000080060b2       0x28 Middlewares/Third_Party/FatFs/src/ff.o
 .text.f_puts   0x00000000080060da       0x48 Middlewares/Third_Party/FatFs/src/ff.o
                0x00000000080060da                f_puts
 *fill*         0x0000000008006122        0x2 
 .text.FATFS_LinkDriverEx
                0x0000000008006124       0x94 Middlewares/Third_Party/FatFs/src/ff_gen_drv.o
                0x0000000008006124                FATFS_LinkDriverEx
 .text.FATFS_LinkDriver
                0x00000000080061b8       0x1e Middlewares/Third_Party/FatFs/src/ff_gen_drv.o
                0x00000000080061b8                FATFS_LinkDriver
 *fill*         0x00000000080061d6        0x2 
 .text.__libc_init_array
                0x00000000080061d8       0x48 c:/st/stm32cubeide_1.3.0/stm32cubeide/plugins/com.st.stm32cube.ide.mcu.externaltools.gnu-tools-for-stm32.7-2018-q2-update.win32_1.0.0.201904181610/tools/bin/../lib/gcc/arm-none-eabi/7.3.1/../../../../arm-none-eabi/lib/thumb/v7-m\libc_nano.a(lib_a-init.o)
                0x00000000080061d8                __libc_init_array
 .text.memset   0x0000000008006220       0x10 c:/st/stm32cubeide_1.3.0/stm32cubeide/plugins/com.st.stm32cube.ide.mcu.externaltools.gnu-tools-for-stm32.7-2018-q2-update.win32_1.0.0.201904181610/tools/bin/../lib/gcc/arm-none-eabi/7.3.1/../../../../arm-none-eabi/lib/thumb/v7-m\libc_nano.a(lib_a-memset.o)
                0x0000000008006220                memset
 *(.glue_7)
 .glue_7        0x0000000008006230        0x0 linker stubs
 *(.glue_7t)
 .glue_7t       0x0000000008006230        0x0 linker stubs
 *(.eh_frame)
 .eh_frame      0x0000000008006230        0x0 c:/st/stm32cubeide_1.3.0/stm32cubeide/plugins/com.st.stm32cube.ide.mcu.externaltools.gnu-tools-for-stm32.7-2018-q2-update.win32_1.0.0.201904181610/tools/bin/../lib/gcc/arm-none-eabi/7.3.1/thumb/v7-m/crtbegin.o
 *(.init)
 .init          0x0000000008006230        0x4 c:/st/stm32cubeide_1.3.0/stm32cubeide/plugins/com.st.stm32cube.ide.mcu.externaltools.gnu-tools-for-stm32.7-2018-q2-update.win32_1.0.0.201904181610/tools/bin/../lib/gcc/arm-none-eabi/7.3.1/thumb/v7-m/crti.o
                0x0000000008006230                _init
 .init          0x0000000008006234        0x8 c:/st/stm32cubeide_1.3.0/stm32cubeide/plugins/com.st.stm32cube.ide.mcu.externaltools.gnu-tools-for-stm32.7-2018-q2-update.win32_1.0.0.201904181610/tools/bin/../lib/gcc/arm-none-eabi/7.3.1/thumb/v7-m/crtn.o
 *(.fini)
 .fini          0x000000000800623c        0x4 c:/st/stm32cubeide_1.3.0/stm32cubeide/plugins/com.st.stm32cube.ide.mcu.externaltools.gnu-tools-for-stm32.7-2018-q2-update.win32_1.0.0.201904181610/tools/bin/../lib/gcc/arm-none-eabi/7.3.1/thumb/v7-m/crti.o
                0x000000000800623c                _fini
 .fini          0x0000000008006240        0x8 c:/st/stm32cubeide_1.3.0/stm32cubeide/plugins/com.st.stm32cube.ide.mcu.externaltools.gnu-tools-for-stm32.7-2018-q2-update.win32_1.0.0.201904181610/tools/bin/../lib/gcc/arm-none-eabi/7.3.1/thumb/v7-m/crtn.o
                0x0000000008006248                . = ALIGN (0x4)
                0x0000000008006248                _etext = .

.vfp11_veneer   0x0000000008006248        0x0
 .vfp11_veneer  0x0000000008006248        0x0 linker stubs

.v4_bx          0x0000000008006248        0x0
 .v4_bx         0x0000000008006248        0x0 linker stubs

.iplt           0x0000000008006248        0x0
 .iplt          0x0000000008006248        0x0 c:/st/stm32cubeide_1.3.0/stm32cubeide/plugins/com.st.stm32cube.ide.mcu.externaltools.gnu-tools-for-stm32.7-2018-q2-update.win32_1.0.0.201904181610/tools/bin/../lib/gcc/arm-none-eabi/7.3.1/thumb/v7-m/crtbegin.o

.rodata         0x0000000008006248      0x150
                0x0000000008006248                . = ALIGN (0x4)
 *(.rodata)
 .rodata        0x0000000008006248       0x65 Core/Src/main.o
 *fill*         0x00000000080062ad        0x3 
 .rodata        0x00000000080062b0       0x44 Middlewares/Third_Party/FatFs/src/ff.o
 *(.rodata*)
 .rodata.PLLMulTable
                0x00000000080062f4        0x9 Core/Src/system_stm32l1xx.o
                0x00000000080062f4                PLLMulTable
 *fill*         0x00000000080062fd        0x3 
 .rodata.AHBPrescTable
                0x0000000008006300       0x10 Core/Src/system_stm32l1xx.o
                0x0000000008006300                AHBPrescTable
 .rodata.APBPrescTable
                0x0000000008006310        0x8 Core/Src/system_stm32l1xx.o
                0x0000000008006310                APBPrescTable
 .rodata.ExCvt  0x0000000008006318       0x80 Middlewares/Third_Party/FatFs/src/ff.o
                0x0000000008006398                . = ALIGN (0x4)

.rel.dyn        0x0000000008006398        0x0
 .rel.iplt      0x0000000008006398        0x0 c:/st/stm32cubeide_1.3.0/stm32cubeide/plugins/com.st.stm32cube.ide.mcu.externaltools.gnu-tools-for-stm32.7-2018-q2-update.win32_1.0.0.201904181610/tools/bin/../lib/gcc/arm-none-eabi/7.3.1/thumb/v7-m/crtbegin.o

.ARM.extab      0x0000000008006398        0x0
                0x0000000008006398                . = ALIGN (0x4)
 *(.ARM.extab* .gnu.linkonce.armextab.*)
                0x0000000008006398                . = ALIGN (0x4)

.ARM            0x0000000008006398        0x0
                0x0000000008006398                . = ALIGN (0x4)
                0x0000000008006398                __exidx_start = .
 *(.ARM.exidx*)
                0x0000000008006398                __exidx_end = .
                0x0000000008006398                . = ALIGN (0x4)

.preinit_array  0x0000000008006398        0x0
                0x0000000008006398                . = ALIGN (0x4)
                0x0000000008006398                PROVIDE (__preinit_array_start = .)
 *(.preinit_array*)
                0x0000000008006398                PROVIDE (__preinit_array_end = .)
                0x0000000008006398                . = ALIGN (0x4)

.init_array     0x0000000008006398        0x4
                0x0000000008006398                . = ALIGN (0x4)
                0x0000000008006398                PROVIDE (__init_array_start = .)
 *(SORT_BY_NAME(.init_array.*))
 *(.init_array*)
 .init_array    0x0000000008006398        0x4 c:/st/stm32cubeide_1.3.0/stm32cubeide/plugins/com.st.stm32cube.ide.mcu.externaltools.gnu-tools-for-stm32.7-2018-q2-update.win32_1.0.0.201904181610/tools/bin/../lib/gcc/arm-none-eabi/7.3.1/thumb/v7-m/crtbegin.o
                0x000000000800639c                PROVIDE (__init_array_end = .)
                0x000000000800639c                . = ALIGN (0x4)

.fini_array     0x000000000800639c        0x4
                0x000000000800639c                . = ALIGN (0x4)
                [!provide]                        PROVIDE (__fini_array_start = .)
 *(SORT_BY_NAME(.fini_array.*))
 *(.fini_array*)
 .fini_array    0x000000000800639c        0x4 c:/st/stm32cubeide_1.3.0/stm32cubeide/plugins/com.st.stm32cube.ide.mcu.externaltools.gnu-tools-for-stm32.7-2018-q2-update.win32_1.0.0.201904181610/tools/bin/../lib/gcc/arm-none-eabi/7.3.1/thumb/v7-m/crtbegin.o
                [!provide]                        PROVIDE (__fini_array_end = .)
                0x00000000080063a0                . = ALIGN (0x4)
                0x00000000080063a0                _sidata = LOADADDR (.data)

.data           0x0000000020000000       0x24 load address 0x00000000080063a0
                0x0000000020000000                . = ALIGN (0x4)
                0x0000000020000000                _sdata = .
 *(.data)
 *(.data*)
 .data.Stat     0x0000000020000000        0x1 Core/Src/fatfs_sd.o
 *fill*         0x0000000020000001        0x3 
 .data.SystemCoreClock
                0x0000000020000004        0x4 Core/Src/system_stm32l1xx.o
                0x0000000020000004                SystemCoreClock
 .data.uwTickPrio
                0x0000000020000008        0x4 Drivers/STM32L1xx_HAL_Driver/Src/stm32l1xx_hal.o
                0x0000000020000008                uwTickPrio
 .data.uwTickFreq
                0x000000002000000c        0x4 Drivers/STM32L1xx_HAL_Driver/Src/stm32l1xx_hal.o
                0x000000002000000c                uwTickFreq
 .data.USER_Driver
                0x0000000020000010       0x14 FATFS/Target/user_diskio.o
                0x0000000020000010                USER_Driver
                0x0000000020000024                . = ALIGN (0x4)
                0x0000000020000024                _edata = .

.igot.plt       0x0000000020000024        0x0 load address 0x00000000080063c4
 .igot.plt      0x0000000020000024        0x0 c:/st/stm32cubeide_1.3.0/stm32cubeide/plugins/com.st.stm32cube.ide.mcu.externaltools.gnu-tools-for-stm32.7-2018-q2-update.win32_1.0.0.201904181610/tools/bin/../lib/gcc/arm-none-eabi/7.3.1/thumb/v7-m/crtbegin.o
                0x0000000020000024                . = ALIGN (0x4)

.bss            0x0000000020000024      0xafc load address 0x00000000080063c4
                0x0000000020000024                _sbss = .
                0x0000000020000024                __bss_start__ = _sbss
 *(.bss)
 .bss           0x0000000020000024       0x1c c:/st/stm32cubeide_1.3.0/stm32cubeide/plugins/com.st.stm32cube.ide.mcu.externaltools.gnu-tools-for-stm32.7-2018-q2-update.win32_1.0.0.201904181610/tools/bin/../lib/gcc/arm-none-eabi/7.3.1/thumb/v7-m/crtbegin.o
 *(.bss*)
 .bss.CardType  0x0000000020000040        0x1 Core/Src/fatfs_sd.o
 .bss.PowerFlag
                0x0000000020000041        0x1 Core/Src/fatfs_sd.o
 .bss.FatFsCnt  0x0000000020000042        0x1 Core/Src/stm32l1xx_it.o
                0x0000000020000042                FatFsCnt
 *fill*         0x0000000020000043        0x1 
 .bss.FatFs     0x0000000020000044        0x4 Middlewares/Third_Party/FatFs/src/ff.o
 .bss.Fsid      0x0000000020000048        0x2 Middlewares/Third_Party/FatFs/src/ff.o
 *fill*         0x000000002000004a        0x2 
 .bss.Files     0x000000002000004c       0x20 Middlewares/Third_Party/FatFs/src/ff.o
 .bss.disk      0x000000002000006c        0xc Middlewares/Third_Party/FatFs/src/ff_gen_drv.o
                0x000000002000006c                disk
 *(COMMON)
 COMMON         0x0000000020000078        0x2 Core/Src/fatfs_sd.o
                0x0000000020000078                Timer2
                0x0000000020000079                Timer1
 *fill*         0x000000002000007a        0x2 
 COMMON         0x000000002000007c      0x638 Core/Src/main.o
                0x000000002000007c                fre_clust
                0x0000000020000080                fs
                0x00000000200002b0                totalSpace
                0x00000000200002b4                bufferRxBuffer
                0x0000000020000318                bufferRx
                0x000000002000037c                buffer
                0x00000000200003e0                freeSpace
                0x00000000200003e4                pfs
                0x00000000200003e8                hspi1
                0x0000000020000440                huart2
                0x0000000020000480                fres
                0x0000000020000484                fil
 COMMON         0x00000000200006b4        0x4 Drivers/STM32L1xx_HAL_Driver/Src/stm32l1xx_hal.o
                0x00000000200006b4                uwTick
 COMMON         0x00000000200006b8      0x468 FATFS/App/fatfs.o
                0x00000000200006b8                USERPath
                0x00000000200006bc                retUSER
                0x00000000200006c0                USERFile
                0x00000000200008f0                USERFatFS
                0x0000000020000b20                . = ALIGN (0x4)
                0x0000000020000b20                _ebss = .
                0x0000000020000b20                __bss_end__ = _ebss

._user_heap_stack
                0x0000000020000b20      0x600 load address 0x00000000080063c4
                0x0000000020000b20                . = ALIGN (0x8)
                0x0000000020000b20                PROVIDE (end = .)
                [!provide]                        PROVIDE (_end = .)
                0x0000000020000d20                . = (. + _Min_Heap_Size)
 *fill*         0x0000000020000b20      0x200 
                0x0000000020001120                . = (. + _Min_Stack_Size)
 *fill*         0x0000000020000d20      0x400 
                0x0000000020001120                . = ALIGN (0x8)

/DISCARD/
 libc.a(*)
 libm.a(*)
 libgcc.a(*)

.ARM.attributes
                0x0000000000000000       0x29
 *(.ARM.attributes)
 .ARM.attributes
                0x0000000000000000       0x1d c:/st/stm32cubeide_1.3.0/stm32cubeide/plugins/com.st.stm32cube.ide.mcu.externaltools.gnu-tools-for-stm32.7-2018-q2-update.win32_1.0.0.201904181610/tools/bin/../lib/gcc/arm-none-eabi/7.3.1/thumb/v7-m/crti.o
 .ARM.attributes
                0x000000000000001d       0x2d c:/st/stm32cubeide_1.3.0/stm32cubeide/plugins/com.st.stm32cube.ide.mcu.externaltools.gnu-tools-for-stm32.7-2018-q2-update.win32_1.0.0.201904181610/tools/bin/../lib/gcc/arm-none-eabi/7.3.1/thumb/v7-m/crtbegin.o
 .ARM.attributes
                0x000000000000004a       0x33 Core/Src/fatfs_sd.o
 .ARM.attributes
                0x000000000000007d       0x33 Core/Src/main.o
 .ARM.attributes
                0x00000000000000b0       0x33 Core/Src/stm32l1xx_hal_msp.o
 .ARM.attributes
                0x00000000000000e3       0x33 Core/Src/stm32l1xx_it.o
 .ARM.attributes
                0x0000000000000116       0x33 Core/Src/system_stm32l1xx.o
 .ARM.attributes
                0x0000000000000149       0x21 Core/Startup/startup_stm32l152retx.o
 .ARM.attributes
                0x000000000000016a       0x33 Drivers/STM32L1xx_HAL_Driver/Src/stm32l1xx_hal.o
 .ARM.attributes
                0x000000000000019d       0x33 Drivers/STM32L1xx_HAL_Driver/Src/stm32l1xx_hal_cortex.o
 .ARM.attributes
                0x00000000000001d0       0x33 Drivers/STM32L1xx_HAL_Driver/Src/stm32l1xx_hal_gpio.o
 .ARM.attributes
                0x0000000000000203       0x33 Drivers/STM32L1xx_HAL_Driver/Src/stm32l1xx_hal_rcc.o
 .ARM.attributes
                0x0000000000000236       0x33 Drivers/STM32L1xx_HAL_Driver/Src/stm32l1xx_hal_spi.o
 .ARM.attributes
                0x0000000000000269       0x33 Drivers/STM32L1xx_HAL_Driver/Src/stm32l1xx_hal_uart.o
 .ARM.attributes
                0x000000000000029c       0x33 FATFS/App/fatfs.o
 .ARM.attributes
                0x00000000000002cf       0x33 FATFS/Target/user_diskio.o
 .ARM.attributes
                0x0000000000000302       0x33 Middlewares/Third_Party/FatFs/src/diskio.o
 .ARM.attributes
                0x0000000000000335       0x33 Middlewares/Third_Party/FatFs/src/ff.o
 .ARM.attributes
                0x0000000000000368       0x33 Middlewares/Third_Party/FatFs/src/ff_gen_drv.o
 .ARM.attributes
                0x000000000000039b       0x2d c:/st/stm32cubeide_1.3.0/stm32cubeide/plugins/com.st.stm32cube.ide.mcu.externaltools.gnu-tools-for-stm32.7-2018-q2-update.win32_1.0.0.201904181610/tools/bin/../lib/gcc/arm-none-eabi/7.3.1/../../../../arm-none-eabi/lib/thumb/v7-m\libc_nano.a(lib_a-init.o)
 .ARM.attributes
                0x00000000000003c8       0x2d c:/st/stm32cubeide_1.3.0/stm32cubeide/plugins/com.st.stm32cube.ide.mcu.externaltools.gnu-tools-for-stm32.7-2018-q2-update.win32_1.0.0.201904181610/tools/bin/../lib/gcc/arm-none-eabi/7.3.1/../../../../arm-none-eabi/lib/thumb/v7-m\libc_nano.a(lib_a-memset.o)
 .ARM.attributes
                0x00000000000003f5       0x1d c:/st/stm32cubeide_1.3.0/stm32cubeide/plugins/com.st.stm32cube.ide.mcu.externaltools.gnu-tools-for-stm32.7-2018-q2-update.win32_1.0.0.201904181610/tools/bin/../lib/gcc/arm-none-eabi/7.3.1/thumb/v7-m\libgcc.a(_arm_addsubdf3.o)
 .ARM.attributes
                0x0000000000000412       0x1d c:/st/stm32cubeide_1.3.0/stm32cubeide/plugins/com.st.stm32cube.ide.mcu.externaltools.gnu-tools-for-stm32.7-2018-q2-update.win32_1.0.0.201904181610/tools/bin/../lib/gcc/arm-none-eabi/7.3.1/thumb/v7-m\libgcc.a(_arm_muldivdf3.o)
 .ARM.attributes
                0x000000000000042f       0x1d c:/st/stm32cubeide_1.3.0/stm32cubeide/plugins/com.st.stm32cube.ide.mcu.externaltools.gnu-tools-for-stm32.7-2018-q2-update.win32_1.0.0.201904181610/tools/bin/../lib/gcc/arm-none-eabi/7.3.1/thumb/v7-m\libgcc.a(_arm_fixunsdfsi.o)
 .ARM.attributes
                0x000000000000044c       0x1d c:/st/stm32cubeide_1.3.0/stm32cubeide/plugins/com.st.stm32cube.ide.mcu.externaltools.gnu-tools-for-stm32.7-2018-q2-update.win32_1.0.0.201904181610/tools/bin/../lib/gcc/arm-none-eabi/7.3.1/thumb/v7-m/crtn.o
OUTPUT(Stm32l152re_SD_SPI.elf elf32-littlearm)

.debug_info     0x0000000000000000     0xe52c
 .debug_info    0x0000000000000000      0xbd8 Core/Src/fatfs_sd.o
 .debug_info    0x0000000000000bd8     0x198b Core/Src/main.o
 .debug_info    0x0000000000002563      0xb20 Core/Src/stm32l1xx_hal_msp.o
 .debug_info    0x0000000000003083      0x245 Core/Src/stm32l1xx_it.o
 .debug_info    0x00000000000032c8      0x473 Core/Src/system_stm32l1xx.o
 .debug_info    0x000000000000373b       0x22 Core/Startup/startup_stm32l152retx.o
 .debug_info    0x000000000000375d      0x71c Drivers/STM32L1xx_HAL_Driver/Src/stm32l1xx_hal.o
 .debug_info    0x0000000000003e79      0xd84 Drivers/STM32L1xx_HAL_Driver/Src/stm32l1xx_hal_cortex.o
 .debug_info    0x0000000000004bfd      0x69d Drivers/STM32L1xx_HAL_Driver/Src/stm32l1xx_hal_gpio.o
 .debug_info    0x000000000000529a      0x939 Drivers/STM32L1xx_HAL_Driver/Src/stm32l1xx_hal_rcc.o
 .debug_info    0x0000000000005bd3     0x15d9 Drivers/STM32L1xx_HAL_Driver/Src/stm32l1xx_hal_spi.o
 .debug_info    0x00000000000071ac     0x11e4 Drivers/STM32L1xx_HAL_Driver/Src/stm32l1xx_hal_uart.o
 .debug_info    0x0000000000008390      0xd73 FATFS/App/fatfs.o
 .debug_info    0x0000000000009103     0x10ac FATFS/Target/user_diskio.o
 .debug_info    0x000000000000a1af      0xcce Middlewares/Third_Party/FatFs/src/diskio.o
 .debug_info    0x000000000000ae7d     0x2a49 Middlewares/Third_Party/FatFs/src/ff.o
 .debug_info    0x000000000000d8c6      0xc66 Middlewares/Third_Party/FatFs/src/ff_gen_drv.o

.debug_abbrev   0x0000000000000000     0x20ee
 .debug_abbrev  0x0000000000000000      0x273 Core/Src/fatfs_sd.o
 .debug_abbrev  0x0000000000000273      0x29a Core/Src/main.o
 .debug_abbrev  0x000000000000050d      0x18c Core/Src/stm32l1xx_hal_msp.o
 .debug_abbrev  0x0000000000000699       0xbd Core/Src/stm32l1xx_it.o
 .debug_abbrev  0x0000000000000756      0x111 Core/Src/system_stm32l1xx.o
 .debug_abbrev  0x0000000000000867       0x12 Core/Startup/startup_stm32l152retx.o
 .debug_abbrev  0x0000000000000879      0x21b Drivers/STM32L1xx_HAL_Driver/Src/stm32l1xx_hal.o
 .debug_abbrev  0x0000000000000a94      0x2fa Drivers/STM32L1xx_HAL_Driver/Src/stm32l1xx_hal_cortex.o
 .debug_abbrev  0x0000000000000d8e      0x1c9 Drivers/STM32L1xx_HAL_Driver/Src/stm32l1xx_hal_gpio.o
 .debug_abbrev  0x0000000000000f57      0x254 Drivers/STM32L1xx_HAL_Driver/Src/stm32l1xx_hal_rcc.o
 .debug_abbrev  0x00000000000011ab      0x240 Drivers/STM32L1xx_HAL_Driver/Src/stm32l1xx_hal_spi.o
 .debug_abbrev  0x00000000000013eb      0x242 Drivers/STM32L1xx_HAL_Driver/Src/stm32l1xx_hal_uart.o
 .debug_abbrev  0x000000000000162d      0x1df FATFS/App/fatfs.o
 .debug_abbrev  0x000000000000180c      0x1fe FATFS/Target/user_diskio.o
 .debug_abbrev  0x0000000000001a0a      0x209 Middlewares/Third_Party/FatFs/src/diskio.o
 .debug_abbrev  0x0000000000001c13      0x2a5 Middlewares/Third_Party/FatFs/src/ff.o
 .debug_abbrev  0x0000000000001eb8      0x236 Middlewares/Third_Party/FatFs/src/ff_gen_drv.o

.debug_aranges  0x0000000000000000      0xb58
 .debug_aranges
                0x0000000000000000       0xa0 Core/Src/fatfs_sd.o
 .debug_aranges
                0x00000000000000a0       0x48 Core/Src/main.o
 .debug_aranges
                0x00000000000000e8       0x40 Core/Src/stm32l1xx_hal_msp.o
 .debug_aranges
                0x0000000000000128       0x68 Core/Src/stm32l1xx_it.o
 .debug_aranges
                0x0000000000000190       0x28 Core/Src/system_stm32l1xx.o
 .debug_aranges
                0x00000000000001b8       0x28 Core/Startup/startup_stm32l152retx.o
 .debug_aranges
                0x00000000000001e0       0xe0 Drivers/STM32L1xx_HAL_Driver/Src/stm32l1xx_hal.o
 .debug_aranges
                0x00000000000002c0      0x118 Drivers/STM32L1xx_HAL_Driver/Src/stm32l1xx_hal_cortex.o
 .debug_aranges
                0x00000000000003d8       0x58 Drivers/STM32L1xx_HAL_Driver/Src/stm32l1xx_hal_gpio.o
 .debug_aranges
                0x0000000000000430       0x90 Drivers/STM32L1xx_HAL_Driver/Src/stm32l1xx_hal_rcc.o
 .debug_aranges
                0x00000000000004c0      0x1d0 Drivers/STM32L1xx_HAL_Driver/Src/stm32l1xx_hal_spi.o
 .debug_aranges
                0x0000000000000690      0x1d0 Drivers/STM32L1xx_HAL_Driver/Src/stm32l1xx_hal_uart.o
 .debug_aranges
                0x0000000000000860       0x28 FATFS/App/fatfs.o
 .debug_aranges
                0x0000000000000888       0x40 FATFS/Target/user_diskio.o
 .debug_aranges
                0x00000000000008c8       0x48 Middlewares/Third_Party/FatFs/src/diskio.o
 .debug_aranges
                0x0000000000000910      0x208 Middlewares/Third_Party/FatFs/src/ff.o
 .debug_aranges
                0x0000000000000b18       0x40 Middlewares/Third_Party/FatFs/src/ff_gen_drv.o

.debug_ranges   0x0000000000000000      0xa50
 .debug_ranges  0x0000000000000000       0x90 Core/Src/fatfs_sd.o
 .debug_ranges  0x0000000000000090       0x38 Core/Src/main.o
 .debug_ranges  0x00000000000000c8       0x30 Core/Src/stm32l1xx_hal_msp.o
 .debug_ranges  0x00000000000000f8       0x58 Core/Src/stm32l1xx_it.o
 .debug_ranges  0x0000000000000150       0x18 Core/Src/system_stm32l1xx.o
 .debug_ranges  0x0000000000000168       0x20 Core/Startup/startup_stm32l152retx.o
 .debug_ranges  0x0000000000000188       0xd0 Drivers/STM32L1xx_HAL_Driver/Src/stm32l1xx_hal.o
 .debug_ranges  0x0000000000000258      0x108 Drivers/STM32L1xx_HAL_Driver/Src/stm32l1xx_hal_cortex.o
 .debug_ranges  0x0000000000000360       0x48 Drivers/STM32L1xx_HAL_Driver/Src/stm32l1xx_hal_gpio.o
 .debug_ranges  0x00000000000003a8       0x80 Drivers/STM32L1xx_HAL_Driver/Src/stm32l1xx_hal_rcc.o
 .debug_ranges  0x0000000000000428      0x1c0 Drivers/STM32L1xx_HAL_Driver/Src/stm32l1xx_hal_spi.o
 .debug_ranges  0x00000000000005e8      0x1c0 Drivers/STM32L1xx_HAL_Driver/Src/stm32l1xx_hal_uart.o
 .debug_ranges  0x00000000000007a8       0x18 FATFS/App/fatfs.o
 .debug_ranges  0x00000000000007c0       0x30 FATFS/Target/user_diskio.o
 .debug_ranges  0x00000000000007f0       0x38 Middlewares/Third_Party/FatFs/src/diskio.o
 .debug_ranges  0x0000000000000828      0x1f8 Middlewares/Third_Party/FatFs/src/ff.o
 .debug_ranges  0x0000000000000a20       0x30 Middlewares/Third_Party/FatFs/src/ff_gen_drv.o

.debug_macro    0x0000000000000000    0x17190
 .debug_macro   0x0000000000000000      0x1ce Core/Src/fatfs_sd.o
 .debug_macro   0x00000000000001ce      0xa5a Core/Src/fatfs_sd.o
 .debug_macro   0x0000000000000c28      0x10c Core/Src/fatfs_sd.o
 .debug_macro   0x0000000000000d34       0x2e Core/Src/fatfs_sd.o
 .debug_macro   0x0000000000000d62       0x22 Core/Src/fatfs_sd.o
 .debug_macro   0x0000000000000d84       0x22 Core/Src/fatfs_sd.o
 .debug_macro   0x0000000000000da6       0x8e Core/Src/fatfs_sd.o
 .debug_macro   0x0000000000000e34       0x51 Core/Src/fatfs_sd.o
 .debug_macro   0x0000000000000e85       0xef Core/Src/fatfs_sd.o
 .debug_macro   0x0000000000000f74       0x6a Core/Src/fatfs_sd.o
 .debug_macro   0x0000000000000fde      0x1df Core/Src/fatfs_sd.o
 .debug_macro   0x00000000000011bd       0x1c Core/Src/fatfs_sd.o
 .debug_macro   0x00000000000011d9       0x22 Core/Src/fatfs_sd.o
 .debug_macro   0x00000000000011fb       0xc3 Core/Src/fatfs_sd.o
 .debug_macro   0x00000000000012be      0xe49 Core/Src/fatfs_sd.o
 .debug_macro   0x0000000000002107      0x11f Core/Src/fatfs_sd.o
 .debug_macro   0x0000000000002226     0xbec4 Core/Src/fatfs_sd.o
 .debug_macro   0x000000000000e0ea       0x43 Core/Src/fatfs_sd.o
 .debug_macro   0x000000000000e12d     0x3468 Core/Src/fatfs_sd.o
 .debug_macro   0x0000000000011595      0x174 Core/Src/fatfs_sd.o
 .debug_macro   0x0000000000011709       0x5b Core/Src/fatfs_sd.o
 .debug_macro   0x0000000000011764      0xe38 Core/Src/fatfs_sd.o
 .debug_macro   0x000000000001259c      0x35b Core/Src/fatfs_sd.o
 .debug_macro   0x00000000000128f7      0x13b Core/Src/fatfs_sd.o
 .debug_macro   0x0000000000012a32       0xc5 Core/Src/fatfs_sd.o
 .debug_macro   0x0000000000012af7      0x21e Core/Src/fatfs_sd.o
 .debug_macro   0x0000000000012d15      0x236 Core/Src/fatfs_sd.o
 .debug_macro   0x0000000000012f4b      0x10e Core/Src/fatfs_sd.o
 .debug_macro   0x0000000000013059      0x567 Core/Src/fatfs_sd.o
 .debug_macro   0x00000000000135c0      0x1e9 Core/Src/fatfs_sd.o
 .debug_macro   0x00000000000137a9       0x22 Core/Src/fatfs_sd.o
 .debug_macro   0x00000000000137cb      0x225 Core/Src/fatfs_sd.o
 .debug_macro   0x00000000000139f0      0x287 Core/Src/fatfs_sd.o
 .debug_macro   0x0000000000013c77      0x492 Core/Src/fatfs_sd.o
 .debug_macro   0x0000000000014109       0x16 Core/Src/fatfs_sd.o
 .debug_macro   0x000000000001411f       0x7c Core/Src/fatfs_sd.o
 .debug_macro   0x000000000001419b       0xa6 Core/Src/fatfs_sd.o
 .debug_macro   0x0000000000014241      0x2b7 Core/Src/main.o
 .debug_macro   0x00000000000144f8       0xeb Core/Src/main.o
 .debug_macro   0x00000000000145e3       0x18 Core/Src/main.o
 .debug_macro   0x00000000000145fb       0x46 Core/Src/main.o
 .debug_macro   0x0000000000014641       0x3c Core/Src/main.o
 .debug_macro   0x000000000001467d       0x34 Core/Src/main.o
 .debug_macro   0x00000000000146b1       0x16 Core/Src/main.o
 .debug_macro   0x00000000000146c7       0x35 Core/Src/main.o
 .debug_macro   0x00000000000146fc       0x52 Core/Src/main.o
 .debug_macro   0x000000000001474e       0x1f Core/Src/main.o
 .debug_macro   0x000000000001476d       0x43 Core/Src/main.o
 .debug_macro   0x00000000000147b0       0x20 Core/Src/main.o
 .debug_macro   0x00000000000147d0      0x1a3 Core/Src/main.o
 .debug_macro   0x0000000000014973      0x32a Core/Src/main.o
 .debug_macro   0x0000000000014c9d       0x16 Core/Src/main.o
 .debug_macro   0x0000000000014cb3       0x29 Core/Src/main.o
 .debug_macro   0x0000000000014cdc       0x12 Core/Src/main.o
 .debug_macro   0x0000000000014cee       0xe2 Core/Src/main.o
 .debug_macro   0x0000000000014dd0       0x8e Core/Src/main.o
 .debug_macro   0x0000000000014e5e      0x1a5 Core/Src/stm32l1xx_hal_msp.o
 .debug_macro   0x0000000000015003      0x1af Core/Src/stm32l1xx_it.o
 .debug_macro   0x00000000000151b2      0x1a1 Core/Src/system_stm32l1xx.o
 .debug_macro   0x0000000000015353      0x1bf Drivers/STM32L1xx_HAL_Driver/Src/stm32l1xx_hal.o
 .debug_macro   0x0000000000015512      0x19b Drivers/STM32L1xx_HAL_Driver/Src/stm32l1xx_hal_cortex.o
 .debug_macro   0x00000000000156ad      0x1d3 Drivers/STM32L1xx_HAL_Driver/Src/stm32l1xx_hal_gpio.o
 .debug_macro   0x0000000000015880      0x1ad Drivers/STM32L1xx_HAL_Driver/Src/stm32l1xx_hal_rcc.o
 .debug_macro   0x0000000000015a2d      0x1a3 Drivers/STM32L1xx_HAL_Driver/Src/stm32l1xx_hal_spi.o
 .debug_macro   0x0000000000015bd0      0x19c Drivers/STM32L1xx_HAL_Driver/Src/stm32l1xx_hal_uart.o
 .debug_macro   0x0000000000015d6c      0x2bd FATFS/App/fatfs.o
 .debug_macro   0x0000000000016029       0xe5 FATFS/App/fatfs.o
 .debug_macro   0x000000000001610e      0x2e3 FATFS/Target/user_diskio.o
 .debug_macro   0x00000000000163f1       0x10 FATFS/Target/user_diskio.o
 .debug_macro   0x0000000000016401       0x20 FATFS/Target/user_diskio.o
 .debug_macro   0x0000000000016421       0xbd FATFS/Target/user_diskio.o
 .debug_macro   0x00000000000164de       0x55 FATFS/Target/user_diskio.o
 .debug_macro   0x0000000000016533      0x2aa Middlewares/Third_Party/FatFs/src/diskio.o
 .debug_macro   0x00000000000167dd      0x6b1 Middlewares/Third_Party/FatFs/src/ff.o
 .debug_macro   0x0000000000016e8e       0x58 Middlewares/Third_Party/FatFs/src/ff.o
 .debug_macro   0x0000000000016ee6      0x2aa Middlewares/Third_Party/FatFs/src/ff_gen_drv.o

.debug_line     0x0000000000000000     0xa8e3
 .debug_line    0x0000000000000000      0x9d6 Core/Src/fatfs_sd.o
 .debug_line    0x00000000000009d6      0x90a Core/Src/main.o
 .debug_line    0x00000000000012e0      0x6d4 Core/Src/stm32l1xx_hal_msp.o
 .debug_line    0x00000000000019b4      0x731 Core/Src/stm32l1xx_it.o
 .debug_line    0x00000000000020e5      0x69c Core/Src/system_stm32l1xx.o
 .debug_line    0x0000000000002781       0x84 Core/Startup/startup_stm32l152retx.o
 .debug_line    0x0000000000002805      0x851 Drivers/STM32L1xx_HAL_Driver/Src/stm32l1xx_hal.o
 .debug_line    0x0000000000003056      0x99c Drivers/STM32L1xx_HAL_Driver/Src/stm32l1xx_hal_cortex.o
 .debug_line    0x00000000000039f2      0x82f Drivers/STM32L1xx_HAL_Driver/Src/stm32l1xx_hal_gpio.o
 .debug_line    0x0000000000004221      0x97a Drivers/STM32L1xx_HAL_Driver/Src/stm32l1xx_hal_rcc.o
 .debug_line    0x0000000000004b9b     0x102a Drivers/STM32L1xx_HAL_Driver/Src/stm32l1xx_hal_spi.o
 .debug_line    0x0000000000005bc5      0xf69 Drivers/STM32L1xx_HAL_Driver/Src/stm32l1xx_hal_uart.o
 .debug_line    0x0000000000006b2e      0x84d FATFS/App/fatfs.o
 .debug_line    0x000000000000737b      0x8a2 FATFS/Target/user_diskio.o
 .debug_line    0x0000000000007c1d      0x875 Middlewares/Third_Party/FatFs/src/diskio.o
 .debug_line    0x0000000000008492     0x1bdc Middlewares/Third_Party/FatFs/src/ff.o
 .debug_line    0x000000000000a06e      0x875 Middlewares/Third_Party/FatFs/src/ff_gen_drv.o

.debug_str      0x0000000000000000    0x892ed
 .debug_str     0x0000000000000000    0x82ad7 Core/Src/fatfs_sd.o
                                      0x82de1 (size before relaxing)
 .debug_str     0x0000000000082ad7     0x3a3d Core/Src/main.o
                                      0x8660b (size before relaxing)
 .debug_str     0x0000000000086514       0x7d Core/Src/stm32l1xx_hal_msp.o
                                      0x82b65 (size before relaxing)
 .debug_str     0x0000000000086591       0xd6 Core/Src/stm32l1xx_it.o
                                      0x825d3 (size before relaxing)
 .debug_str     0x0000000000086667       0xd5 Core/Src/system_stm32l1xx.o
                                      0x8261f (size before relaxing)
 .debug_str     0x000000000008673c       0x36 Core/Startup/startup_stm32l152retx.o
                                         0x7c (size before relaxing)
 .debug_str     0x0000000000086772      0x645 Drivers/STM32L1xx_HAL_Driver/Src/stm32l1xx_hal.o
                                      0x82c91 (size before relaxing)
 .debug_str     0x0000000000086db7      0x3c1 Drivers/STM32L1xx_HAL_Driver/Src/stm32l1xx_hal_cortex.o
                                      0x82dd0 (size before relaxing)
 .debug_str     0x0000000000087178      0x214 Drivers/STM32L1xx_HAL_Driver/Src/stm32l1xx_hal_gpio.o
                                      0x82843 (size before relaxing)
 .debug_str     0x000000000008738c      0x29c Drivers/STM32L1xx_HAL_Driver/Src/stm32l1xx_hal_rcc.o
                                      0x82a21 (size before relaxing)
 .debug_str     0x0000000000087628      0x53a Drivers/STM32L1xx_HAL_Driver/Src/stm32l1xx_hal_spi.o
                                      0x82e78 (size before relaxing)
 .debug_str     0x0000000000087b62      0x50d Drivers/STM32L1xx_HAL_Driver/Src/stm32l1xx_hal_uart.o
                                      0x82e68 (size before relaxing)
 .debug_str     0x000000000008806f       0x2f FATFS/App/fatfs.o
                                      0x85cd8 (size before relaxing)
 .debug_str     0x000000000008809e       0xe2 FATFS/Target/user_diskio.o
                                      0x861e8 (size before relaxing)
 .debug_str     0x0000000000088180       0x52 Middlewares/Third_Party/FatFs/src/diskio.o
                                      0x85bf8 (size before relaxing)
 .debug_str     0x00000000000881d2     0x1079 Middlewares/Third_Party/FatFs/src/ff.o
                                      0x86e1d (size before relaxing)
 .debug_str     0x000000000008924b       0xa2 Middlewares/Third_Party/FatFs/src/ff_gen_drv.o
                                      0x85c49 (size before relaxing)

.comment        0x0000000000000000       0x7b
 .comment       0x0000000000000000       0x7b Core/Src/fatfs_sd.o
                                         0x7c (size before relaxing)
 .comment       0x000000000000007b       0x7c Core/Src/main.o
 .comment       0x000000000000007b       0x7c Core/Src/stm32l1xx_hal_msp.o
 .comment       0x000000000000007b       0x7c Core/Src/stm32l1xx_it.o
 .comment       0x000000000000007b       0x7c Core/Src/system_stm32l1xx.o
 .comment       0x000000000000007b       0x7c Drivers/STM32L1xx_HAL_Driver/Src/stm32l1xx_hal.o
 .comment       0x000000000000007b       0x7c Drivers/STM32L1xx_HAL_Driver/Src/stm32l1xx_hal_cortex.o
 .comment       0x000000000000007b       0x7c Drivers/STM32L1xx_HAL_Driver/Src/stm32l1xx_hal_gpio.o
 .comment       0x000000000000007b       0x7c Drivers/STM32L1xx_HAL_Driver/Src/stm32l1xx_hal_rcc.o
 .comment       0x000000000000007b       0x7c Drivers/STM32L1xx_HAL_Driver/Src/stm32l1xx_hal_spi.o
 .comment       0x000000000000007b       0x7c Drivers/STM32L1xx_HAL_Driver/Src/stm32l1xx_hal_uart.o
 .comment       0x000000000000007b       0x7c FATFS/App/fatfs.o
 .comment       0x000000000000007b       0x7c FATFS/Target/user_diskio.o
 .comment       0x000000000000007b       0x7c Middlewares/Third_Party/FatFs/src/diskio.o
 .comment       0x000000000000007b       0x7c Middlewares/Third_Party/FatFs/src/ff.o
 .comment       0x000000000000007b       0x7c Middlewares/Third_Party/FatFs/src/ff_gen_drv.o

.debug_frame    0x0000000000000000     0x2e9c
 .debug_frame   0x0000000000000000      0x268 Core/Src/fatfs_sd.o
 .debug_frame   0x0000000000000268       0xd4 Core/Src/main.o
 .debug_frame   0x000000000000033c       0xc8 Core/Src/stm32l1xx_hal_msp.o
 .debug_frame   0x0000000000000404      0x12c Core/Src/stm32l1xx_it.o
 .debug_frame   0x0000000000000530       0x58 Core/Src/system_stm32l1xx.o
 .debug_frame   0x0000000000000588      0x33c Drivers/STM32L1xx_HAL_Driver/Src/stm32l1xx_hal.o
 .debug_frame   0x00000000000008c4      0x498 Drivers/STM32L1xx_HAL_Driver/Src/stm32l1xx_hal_cortex.o
 .debug_frame   0x0000000000000d5c      0x14c Drivers/STM32L1xx_HAL_Driver/Src/stm32l1xx_hal_gpio.o
 .debug_frame   0x0000000000000ea8      0x21c Drivers/STM32L1xx_HAL_Driver/Src/stm32l1xx_hal_rcc.o
 .debug_frame   0x00000000000010c4      0x824 Drivers/STM32L1xx_HAL_Driver/Src/stm32l1xx_hal_spi.o
 .debug_frame   0x00000000000018e8      0x838 Drivers/STM32L1xx_HAL_Driver/Src/stm32l1xx_hal_uart.o
 .debug_frame   0x0000000000002120       0x4c FATFS/App/fatfs.o
 .debug_frame   0x000000000000216c       0xc4 FATFS/Target/user_diskio.o
 .debug_frame   0x0000000000002230       0xec Middlewares/Third_Party/FatFs/src/diskio.o
 .debug_frame   0x000000000000231c      0x94c Middlewares/Third_Party/FatFs/src/ff.o
 .debug_frame   0x0000000000002c68       0xc8 Middlewares/Third_Party/FatFs/src/ff_gen_drv.o
 .debug_frame   0x0000000000002d30       0x2c c:/st/stm32cubeide_1.3.0/stm32cubeide/plugins/com.st.stm32cube.ide.mcu.externaltools.gnu-tools-for-stm32.7-2018-q2-update.win32_1.0.0.201904181610/tools/bin/../lib/gcc/arm-none-eabi/7.3.1/../../../../arm-none-eabi/lib/thumb/v7-m\libc_nano.a(lib_a-init.o)
 .debug_frame   0x0000000000002d5c       0x20 c:/st/stm32cubeide_1.3.0/stm32cubeide/plugins/com.st.stm32cube.ide.mcu.externaltools.gnu-tools-for-stm32.7-2018-q2-update.win32_1.0.0.201904181610/tools/bin/../lib/gcc/arm-none-eabi/7.3.1/../../../../arm-none-eabi/lib/thumb/v7-m\libc_nano.a(lib_a-memset.o)
 .debug_frame   0x0000000000002d7c       0xac c:/st/stm32cubeide_1.3.0/stm32cubeide/plugins/com.st.stm32cube.ide.mcu.externaltools.gnu-tools-for-stm32.7-2018-q2-update.win32_1.0.0.201904181610/tools/bin/../lib/gcc/arm-none-eabi/7.3.1/thumb/v7-m\libgcc.a(_arm_addsubdf3.o)
 .debug_frame   0x0000000000002e28       0x50 c:/st/stm32cubeide_1.3.0/stm32cubeide/plugins/com.st.stm32cube.ide.mcu.externaltools.gnu-tools-for-stm32.7-2018-q2-update.win32_1.0.0.201904181610/tools/bin/../lib/gcc/arm-none-eabi/7.3.1/thumb/v7-m\libgcc.a(_arm_muldivdf3.o)
 .debug_frame   0x0000000000002e78       0x24 c:/st/stm32cubeide_1.3.0/stm32cubeide/plugins/com.st.stm32cube.ide.mcu.externaltools.gnu-tools-for-stm32.7-2018-q2-update.win32_1.0.0.201904181610/tools/bin/../lib/gcc/arm-none-eabi/7.3.1/thumb/v7-m\libgcc.a(_arm_fixunsdfsi.o)
